C:\Users\simon\git\ProjectAOOSD\FinalProject\src\graphsForInternalStatus\LineGraphPressure.java
C:\Users\simon\git\ProjectAOOSD\FinalProject\src\updateClientInformation\UpdateReferencePerson.java
C:\Users\simon\git\ProjectAOOSD\FinalProject\src\searchClients\SearchByName.java
C:\Users\simon\git\ProjectAOOSD\FinalProject\src\worldMap\IconGenerator.java
C:\Users\simon\git\ProjectAOOSD\FinalProject\src\xmlParser\HistoryXMLManipulation.java
C:\Users\simon\git\ProjectAOOSD\FinalProject\src\updateContainer\UpdateLocation.java
C:\Users\simon\git\ProjectAOOSD\FinalProject\src\xmlParser\DataPointParser.java
C:\Users\simon\git\ProjectAOOSD\FinalProject\src\objects\Client.java
C:\Users\simon\git\ProjectAOOSD\FinalProject\src\updateClientInformation\UpdateClient.java
C:\Users\simon\git\ProjectAOOSD\FinalProject\src\searchClients\SearchByEmail.java
C:\Users\simon\git\ProjectAOOSD\FinalProject\src\supportingClasses\ExtractingPortID.java
C:\Users\simon\git\ProjectAOOSD\FinalProject\src\xmlParser\ClientXMLManipulation.java
C:\Users\simon\git\ProjectAOOSD\FinalProject\src\xmlParser\XMLIO.java
C:\Users\simon\git\ProjectAOOSD\FinalProject\src\worldMap\PortIcon.java
C:\Users\simon\git\ProjectAOOSD\FinalProject\src\xmlParser\ActiveIDSortedData.java
C:\Users\simon\git\ProjectAOOSD\FinalProject\src\dataWrappers\PhoneNumber.java
C:\Users\simon\git\ProjectAOOSD\FinalProject\src\applications\ClientApplication.java
C:\Users\simon\git\ProjectAOOSD\FinalProject\src\updateClientInformation\UpdatePhoneNumber.java
C:\Users\simon\git\ProjectAOOSD\FinalProject\src\dataBase\IdentifiablePersistency.java
C:\Users\simon\git\ProjectAOOSD\FinalProject\src\exceptions\ElementSelectionException.java
C:\Users\simon\git\ProjectAOOSD\FinalProject\src\graphicalInterface\Start.java
C:\Users\simon\git\ProjectAOOSD\FinalProject\src\containerFilters\FilterContainer.java
C:\Users\simon\git\ProjectAOOSD\FinalProject\src\xmlParser\IO.java
C:\Users\simon\git\ProjectAOOSD\FinalProject\src\graphsForInternalStatus\LineGraphTemperature.java
C:\Users\simon\git\ProjectAOOSD\FinalProject\src\supportingClasses\UpdateDestinationPort.java
C:\Users\simon\git\ProjectAOOSD\FinalProject\src\xmlParser\ActiveData.java
C:\Users\simon\git\ProjectAOOSD\FinalProject\src\xmlParser\GeneralXMLManipulation.java
C:\Users\simon\git\ProjectAOOSD\FinalProject\src\updateContainer\UpdateStatus.java
C:\Users\simon\git\ProjectAOOSD\FinalProject\src\supportingClasses\DataForViewAllJourneys.java
C:\Users\simon\git\ProjectAOOSD\FinalProject\src\controllers\LoginController.java
C:\Users\simon\git\ProjectAOOSD\FinalProject\src\objects\BusinessObject.java
C:\Users\simon\git\ProjectAOOSD\FinalProject\src\supportingClasses\Security.java
C:\Users\simon\git\ProjectAOOSD\FinalProject\src\dataWrappers\Address.java
C:\Users\simon\git\ProjectAOOSD\FinalProject\src\graphicalInterface\ClientMenu.java
C:\Users\simon\git\ProjectAOOSD\FinalProject\src\graphicalInterface\LoginWindow.java
C:\Users\simon\git\ProjectAOOSD\FinalProject\src\simulation\Simulator.java
C:\Users\simon\git\ProjectAOOSD\FinalProject\src\dataBase\DataBase.java
C:\Users\simon\git\ProjectAOOSD\FinalProject\src\applications\View.java
C:\Users\simon\git\ProjectAOOSD\FinalProject\src\graphicalInterface\LogisticMenu.java
C:\Users\simon\git\ProjectAOOSD\FinalProject\src\updateContainer\UpdateContainer.java
C:\Users\simon\git\ProjectAOOSD\FinalProject\src\updateClientInformation\UpdateEmail.java
C:\Users\simon\git\ProjectAOOSD\FinalProject\src\simulation\UserActionGenerator.java
C:\Users\simon\git\ProjectAOOSD\FinalProject\src\supportingClasses\InputParser.java
C:\Users\simon\git\ProjectAOOSD\FinalProject\src\searchClients\SearchByPhone.java
C:\Users\simon\git\ProjectAOOSD\FinalProject\src\controllers\LogisticController.java
C:\Users\simon\git\ProjectAOOSD\FinalProject\src\simulation\PortInitializer.java
C:\Users\simon\git\ProjectAOOSD\FinalProject\src\graphsForInternalStatus\LineGraphHumidity.java
C:\Users\simon\git\ProjectAOOSD\FinalProject\src\simulation\RandomGenerator.java
C:\Users\simon\git\ProjectAOOSD\FinalProject\src\containerFilters\FilteringContainersForAClient.java
C:\Users\simon\git\ProjectAOOSD\FinalProject\src\worldMap\Icon.java
C:\Users\simon\git\ProjectAOOSD\FinalProject\src\dataWrappers\InternalStatus.java
C:\Users\simon\git\ProjectAOOSD\FinalProject\src\dataWrappers\ReferenceName.java
C:\Users\simon\git\ProjectAOOSD\FinalProject\src\containerFilters\FilterByJourneyID.java
C:\Users\simon\git\ProjectAOOSD\FinalProject\src\dataWrappers\Location.java
C:\Users\simon\git\ProjectAOOSD\FinalProject\src\containerFilters\FilterByPortName.java
C:\Users\simon\git\ProjectAOOSD\FinalProject\src\worldMap\BoatIcon.java
C:\Users\simon\git\ProjectAOOSD\FinalProject\src\searchClients\SearchClients.java
C:\Users\simon\git\ProjectAOOSD\FinalProject\src\updateContainer\UpdatePort.java
C:\Users\simon\git\ProjectAOOSD\FinalProject\src\applications\CompanyApplication.java
C:\Users\simon\git\ProjectAOOSD\FinalProject\src\xmlParser\PortXMLManipulation.java
C:\Users\simon\git\ProjectAOOSD\FinalProject\src\containerFilters\FilterByCargoName.java
C:\Users\simon\git\ProjectAOOSD\FinalProject\src\searchClients\SearchByReferencePerson.java
C:\Users\simon\git\ProjectAOOSD\FinalProject\src\worldMap\MapPane.java
C:\Users\simon\git\ProjectAOOSD\FinalProject\src\xmlParser\EventParser.java
C:\Users\simon\git\ProjectAOOSD\FinalProject\src\dataBase\GeneralPersistency.java
C:\Users\simon\git\ProjectAOOSD\FinalProject\src\supportingClasses\ValidInputType.java
C:\Users\simon\git\ProjectAOOSD\FinalProject\src\xmlParser\ContainerXMLManipulation.java
C:\Users\simon\git\ProjectAOOSD\FinalProject\src\objects\Port.java
C:\Users\simon\git\ProjectAOOSD\FinalProject\src\supportingClasses\ValidInput.java
C:\Users\simon\git\ProjectAOOSD\FinalProject\src\applications\Application.java
C:\Users\simon\git\ProjectAOOSD\FinalProject\src\controllers\ClientController.java
C:\Users\simon\git\ProjectAOOSD\FinalProject\src\objects\Container.java
