C:\Users\simon\git\ProjectAOOSD\FinalProject\test\objectsTests\PortDataTest.java
C:\Users\simon\git\ProjectAOOSD\FinalProject\test\supportingClassesTests\UpdateDestinationPortTest.java
C:\Users\simon\git\ProjectAOOSD\FinalProject\test\supportingClassesTests\ValidInputTest.java
C:\Users\simon\git\ProjectAOOSD\FinalProject\test\persistencyTest\HistoryAccessTest.java
C:\Users\simon\git\ProjectAOOSD\FinalProject\test\persistencyTest\PortAccessTest.java
C:\Users\simon\git\ProjectAOOSD\FinalProject\test\graphsForInternalStatus\LineGraphPressureTest.java
C:\Users\simon\git\ProjectAOOSD\FinalProject\test\updateContainerTests\UpdatePortTest.java
C:\Users\simon\git\ProjectAOOSD\FinalProject\test\acceptanceTests\steps\ApplicationSteps.java
C:\Users\simon\git\ProjectAOOSD\FinalProject\test\supportingClassesTests\ExtractingPortIDTest.java
C:\Users\simon\git\ProjectAOOSD\FinalProject\test\supportingClassesTests\ParseInputTest.java
C:\Users\simon\git\ProjectAOOSD\FinalProject\test\objectsTests\LocationTest.java
C:\Users\simon\git\ProjectAOOSD\FinalProject\test\supportingClassesTests\DataForViewAllJourneysTest.java
C:\Users\simon\git\ProjectAOOSD\FinalProject\test\graphsForInternalStatus\LineGraphTemperatureTest.java
C:\Users\simon\git\ProjectAOOSD\FinalProject\test\containerFilterTests\FilterByJourneyIDtest.java
C:\Users\simon\git\ProjectAOOSD\FinalProject\test\graphsForInternalStatus\LineGraphHumidityTest.java
C:\Users\simon\git\ProjectAOOSD\FinalProject\test\acceptanceTests\AcceptanceTest.java
C:\Users\simon\git\ProjectAOOSD\FinalProject\test\containerFilterTests\FilterByPortNameTest.java
C:\Users\simon\git\ProjectAOOSD\FinalProject\test\controllersTest\LogisticsControllerTest.java
C:\Users\simon\git\ProjectAOOSD\FinalProject\test\objectsTests\ReferenceNameTest.java
C:\Users\simon\git\ProjectAOOSD\FinalProject\test\objectsTests\BusinessObjectTest.java
C:\Users\simon\git\ProjectAOOSD\FinalProject\test\persistencyTest\ContainerAccessTest.java
C:\Users\simon\git\ProjectAOOSD\FinalProject\test\applicationTests\ClientApplicationTest.java
C:\Users\simon\git\ProjectAOOSD\FinalProject\test\objectsTests\AddressTest.java
C:\Users\simon\git\ProjectAOOSD\FinalProject\test\persistencyTest\DataAccessTest.java
C:\Users\simon\git\ProjectAOOSD\FinalProject\test\objectsTests\ClientDataTest.java
C:\Users\simon\git\ProjectAOOSD\FinalProject\test\persistencyTest\IdentifiableDataAccessTest.java
C:\Users\simon\git\ProjectAOOSD\FinalProject\test\controllersTest\LoginControllerTest.java
C:\Users\simon\git\ProjectAOOSD\FinalProject\test\controllersTest\ClientControllerTest.java
C:\Users\simon\git\ProjectAOOSD\FinalProject\test\objectsTests\PhoneNumberTest.java
C:\Users\simon\git\ProjectAOOSD\FinalProject\test\objectsTests\ContainerDataTest.java
C:\Users\simon\git\ProjectAOOSD\FinalProject\test\persistencyTest\ClientAccessTest.java
C:\Users\simon\git\ProjectAOOSD\FinalProject\test\supportingClassesTests\ValidInputTypeTest.java
C:\Users\simon\git\ProjectAOOSD\FinalProject\test\containerFilterTests\FilterByCargoNameTest.java
C:\Users\simon\git\ProjectAOOSD\FinalProject\test\objectsTests\InternalStateTest.java
